// Jest Snapshot v1, https://goo.gl/fbAQLP

exports[`when enabled:false should render the content without modification 1`] = `
"<!DOCTYPE html>
<html lang=\\"en\\">
  <head>
    <title>Fake Title</title>
  </head>
  <body></body>
</html>"
`;

exports[`when enabled:true should render the content with modifications 1`] = `
"<!DOCTYPE html><html lang=\\"en\\"><head><meta http-equiv=\\"Content-Security-Policy\\" content=\\"\\">
    <title>Fake Title</title>
  </head>
  <body>

</body></html>"
`;
